
Ikipe
???

y'
CL4or6or9.of

abagore
CL2-gore

y'
CL4or6or9.of

umupira
CL1or3-pira

w'
CL1or3.of

amaguru
CL6-guru

y'
CL4or6or9.of

igihugu
CL7-hugu

cya
CL7.of

Nigeria
ForeignWord

izakina
CL9-FUT-kin-IMP

umukino
CL1or3-kino

wa
CL1or3.of

nyuma
nyuma

w'
CL1or3.of

igikombe
CL7-kombe

cy'
CL7.of

Afurika
Afurika

cy'
CL7.of

abagore
CL2-gore

nyuma
nyuma

yo
CL4or6or9.for

gutsinda
???

ikipe
ForeignWord

y'
CL4or6or9.of

igihugu
CL7-hugu

cya
CL7.of

Cameroon
ForeignWord

ibitego
CL8-tego

bitanu
CL8-tanu

kuri
COP
on

kimwe
CL7-mwe

.
.




Iyi
???

kipe
???

ya
CL4or6or9.of

Nigeria
ForeignWord

iboneyeho
???

kandi
furthermore

itike
ForeignWord

yo
CL4or6or9.for

kuzakina
INF-FUT-kin-IMP

mu
in

mikino
CL4-kino

ya
CL4or6or9.of

nyuma
nyuma

y'
CL4or6or9.of

igikombe
CL7-kombe

cy'
CL7.of

isi
CL9-si
CL5-si

cy'
CL7.of

abagore
CL2-gore

izabera
CL9-FUT-ber-IMP

mu
in

Budage
Budage

umwaka
CL1or3-aka

utaha
2SG-tah-IMP

.
.




Umukinnyi
???

w'
CL1or3.of

imbere
CL9-1SG-ber-PERF
imbere

wa
CL1or3.of

Nigeria
ForeignWord

Perpetua
ForeignWord

Nkwocha
ForeignWord

ku
on

nshuro
???

ya
CL4or6or9.of

kabiri
2

yatsinze
CL1-RCT.PST-tsinz-PERF

ibitego
CL8-tego

3
3

muri
2PL-COP
2PL-ri
in

rino
CL15.IMMED

rushanwa
???

ririmo
CL5-ri-LOC

kubera
INF-ber-IMP
REL

muri
2PL-COP
2PL-ri
in

Afurika
Afurika

yepfo
yepfo

.
.




Helen
ForeignWord

Ukaonu
ForeignWord

na
and

Ugochi
ForeignWord

Oparanozie
ForeignWord

nibo
UnknownWord

batsinze
CL2-tsinz-PERF
CL2-RCT.PST-tsinz-PERF

ibitego
CL8-tego

bindi
CL8-ndi

bibiri
CL8-biri

muri
2PL-COP
2PL-ri
in

uwo
CL1or3.DIST

mukino
CL1or3-kino

wabahuje
UnknownWord

n'
and

ikipe
ForeignWord

ya
CL4or6or9.of

Cameroon
ForeignWord

.
.




Igitego
???

kimwe
CL7-mwe

rukumbi
CL10-kumbi

cya
CL7.of

Cameroon
ForeignWord

cyatsinzwe
???

na
and

Jeanette
ForeignWord

Ngock
ForeignWord

.
.




Nigeria
ForeignWord

izakina
CL9-FUT-kin-IMP

n'
and

ikipe
ForeignWord

izatsinda
???

umukino
CL1or3-kino

wa
CL1or3.of

kimwe
CL7-mwe

cya
CL7.of

kabiri
2

ugomba
???

guhuza
INF-huz-IMP

Afurika
Afurika

yepfo
yepfo

na
and

Guinee
ForeignWord

Equatoriale
ForeignWord

ifite
CL9-fit-PERF
CL1-RCT.PST-REFL-fit-PERF
CL1-REFL-fit-PERF

icyo
CL7.DIST

gikombe
CL7-kombe

.
.



